=== v3 (target-cpu=x86-64-v3)
    Finished `bench` profile [optimized + debuginfo] target(s) in 0.03s
     Running benches/bitpacking.rs (target/v3/release/deps/bitpacking-542600a385b6fbac)
Benchmarking byte_to_bit/scalar
Benchmarking byte_to_bit/scalar: Warming up for 1.0000 s
Benchmarking byte_to_bit/scalar: Collecting 100 samples in estimated 2.0156 s (556k iterations)
Benchmarking byte_to_bit/scalar: Analyzing
byte_to_bit/scalar      time:   [3.5961 µs 3.6238 µs 3.6495 µs]
                        thrpt:  [4.1811 GiB/s 4.2107 GiB/s 4.2432 GiB/s]
                 change:
                        time:   [-2.4157% -1.7886% -1.1440%] (p = 0.00 < 0.05)
                        thrpt:  [+1.1572% +1.8212% +2.4755%]
                        Performance has improved.
Benchmarking byte_to_bit/swar
Benchmarking byte_to_bit/swar: Warming up for 1.0000 s
Benchmarking byte_to_bit/swar: Collecting 100 samples in estimated 2.0047 s (2.1M iterations)
Benchmarking byte_to_bit/swar: Analyzing
byte_to_bit/swar        time:   [964.44 ns 972.64 ns 981.42 ns]
                        thrpt:  [15.548 GiB/s 15.688 GiB/s 15.821 GiB/s]
                 change:
                        time:   [-2.6622% -1.5226% -0.4187%] (p = 0.01 < 0.05)
                        thrpt:  [+0.4204% +1.5461% +2.7350%]
                        Change within noise threshold.
Benchmarking byte_to_bit/portable_u8x64
Benchmarking byte_to_bit/portable_u8x64: Warming up for 1.0000 s
